Microchip MPLAB XC8 Compiler V2.41

Linker command line:

-W-3 \
  --edf=C:\Program Files\Microchip\xc8\v2.41\pic\dat\20230208172133_en.msgs \
  -cn -h+dist/default/production\PARTE3PARCIAL_PIC.X.production.sym \
  --cmf=dist/default/production\PARTE3PARCIAL_PIC.X.production.cmf -z \
  -Q18F25K50 -oC:\Users\TRABAJO\AppData\Local\Temp\xcAsbh0.\driver_tmp_3.o \
  --defsym=__MPLAB_BUILD=1 --fixupoverflow=error \
  -Mdist/default/production/PARTE3PARCIAL_PIC.X.production.map \
  --md=C:\Users\TRABAJO\AppData\Local\Temp\xcAsbh0.\driver_tmp_0.dat -E1 \
  -ver=XC8 Compiler --acfsm=1493 -ACODE=00h-07FFFh -ACONST=00h-07FFFh \
  -ASMALLCONST=0800h-08FFhx120 -AMEDIUMCONST=0800h-07FFFh -ACOMRAM=01h-05Fh \
  -AABS1=00h-07FFh -ABIGRAM=01h-07FFh -ARAM=060h-0FFh,0100h-01FFhx7 \
  -ABANK0=060h-0FFh -ABANK1=0100h-01FFh -ABANK2=0200h-02FFh \
  -ABANK3=0300h-03FFh -ABANK4=0400h-04FFh -ABANK5=0500h-05FFh \
  -ABANK6=0600h-06FFh -ABANK7=0700h-07FFh -ASFR=0F53h-0F5Fh,0F60h-0FFFh \
  -ABIGSFR=0F53h-0FFFh -ACONFIG=0300000h-030000Dh -AIDLOC=0200000h-0200007h \
  -AEEDATA=0F00000h-0F000FFh -peeprom_data=EEDATA \
  -preset_vec=00h,intcode,intcodelo,powerup,init -pramtop=0800h \
  -psmallconst=SMALLCONST -pmediumconst=MEDIUMCONST -pconst=CONST \
  -AFARRAM=00h-00h \
  -prdata=COMRAM,nvrram=COMRAM,nvbit=COMRAM,rbss=COMRAM,rbit=COMRAM \
  -pfarbss=FARRAM,fardata=FARRAM,nvFARRAM=FARRAM \
  -pintsave_regs=BIGRAM,bigbss=BIGRAM,bigdata=BIGRAM -pbss=RAM \
  -pidata=CODE,irdata=CODE,ibigdata=CODE,ifardata=CODE -prparam=COMRAM \
  C:\Users\TRABAJO\AppData\Local\Temp\xcAsbh0.\driver_tmp_14.o \
  dist/default/production\PARTE3PARCIAL_PIC.X.production.o 

Object code version is 3.11

Machine type is 18F25K50



                Name                               Link     Load   Length Selector   Space Scale
C:\Users\TRABAJO\AppData\Local\Temp\xcAsbh0.\driver_tmp_14.o
                idloc                            200000   200000        8        0       5
                config                           300000   300000        E        0       4
                init                                  0        0        4        0       0
dist/default/production\PARTE3PARCIAL_PIC.X.production.o
                idloc                            200000   200000        8        0       5
                config                           300000   300000        E        0       4
                smallconst                          800      800       26      400       0
                text45                             35D0     35D0       5E      413       0
                text44                             3244     3244       8A      413       0
                text43                             3350     3350       80      413       0
                text42                             390E     390E       34      413       0
                text41                             39D4     39D4       16      413       0
                text40                             3572     3572       5E      413       0
                text39                             1B08     1B08      39A      413       0
                text38                             16DE     16DE      42A      413       0
                text37                             25F0     25F0      1B4      413       0
                text36                             32CE     32CE       82      413       0
                text35                             3026     3026       C4      413       0
                text34                             30EA     30EA       B0      413       0
                text33                             3860     3860       40      413       0
                text32                             3A08     3A08        A      413       0
                text31                             2E96     2E96       CA      413       0
                text30                             381C     381C       44      413       0
                text29                             33D0     33D0       7A      413       0
                text28                             27A4     27A4      196      413       0
                text27                             319A     319A       AA      413       0
                text26                             2C94     2C94      104      413       0
                text25                             38A0     38A0       38      413       0
                text24                             121E     121E      4C0      413       0
                text23                             37D6     37D6       46      413       0
                text22                             2B8E     2B8E      106      413       0
                text21                             2D98     2D98       FE      413       0
                text20                             23DE     23DE      212      413       0
                text19                             344A     344A       66      413       0
                text18                             3786     3786       50      413       0
                text17                             362E     362E       5C      413       0
                text16                              826      826      9F8      413       0
                text15                             3990     3990       26      413       0
                text14                             2F60     2F60       C6      413       0
                text13                             1EA2     1EA2      30E      413       0
                text12                             36E4     36E4       52      413       0
                text11                             3736     3736       50      413       0
                text10                             38D8     38D8       36      413       0
                text9                              396A     396A       26      413       0
                text8                              21B0     21B0      22E      413       0
                text7                              293A     293A      148      413       0
                text6                              3A12     3A12        6      413       0
                text5                              3A18     3A18        2      413       0
                text4                              39EA     39EA       10      413       0
                text3                              39FA     39FA        E      413       0
                text2                              2A82     2A82      10C      413       0
                text1                              3512     3512       60      413       0
                text0                              3942     3942       28      413       0
                cstackCOMRAM                          1        1       5F        1       1
                cstackBANK0                          60       60       59       60       1
                cstackBANK1                         100      100       A0      100       1
                dataBANK2                           200      200       5A      200       1
                bssBANK1                            1A0      1A0       54      100       1
                dataBANK0                            B9       B9       1E       60       1
                bssBANK0                             D7       D7       11       60       1
                cinit                              34B0     34B0       62      413       0
                idataBANK2                         368A     368A       5A      413       0
                idataBANK0                         39B6     39B6       1E      413       0

TOTAL           Name                               Link     Load   Length     Space
        CLASS   CODE           
                init                                  0        0        4         0
                text45                             35D0     35D0       5E         0
                text44                             3244     3244       8A         0
                text43                             3350     3350       80         0
                text42                             390E     390E       34         0
                text41                             39D4     39D4       16         0
                text40                             3572     3572       5E         0
                text39                             1B08     1B08      39A         0
                text38                             16DE     16DE      42A         0
                text37                             25F0     25F0      1B4         0
                text36                             32CE     32CE       82         0
                text35                             3026     3026       C4         0
                text34                             30EA     30EA       B0         0
                text33                             3860     3860       40         0
                text32                             3A08     3A08        A         0
                text31                             2E96     2E96       CA         0
                text30                             381C     381C       44         0
                text29                             33D0     33D0       7A         0
                text28                             27A4     27A4      196         0
                text27                             319A     319A       AA         0
                text26                             2C94     2C94      104         0
                text25                             38A0     38A0       38         0
                text24                             121E     121E      4C0         0
                text23                             37D6     37D6       46         0
                text22                             2B8E     2B8E      106         0
                text21                             2D98     2D98       FE         0
                text20                             23DE     23DE      212         0
                text19                             344A     344A       66         0
                text18                             3786     3786       50         0
                text17                             362E     362E       5C         0
                text16                              826      826      9F8         0
                text15                             3990     3990       26         0
                text14                             2F60     2F60       C6         0
                text13                             1EA2     1EA2      30E         0
                text12                             36E4     36E4       52         0
                text11                             3736     3736       50         0
                text10                             38D8     38D8       36         0
                text9                              396A     396A       26         0
                text8                              21B0     21B0      22E         0
                text7                              293A     293A      148         0
                text6                              3A12     3A12        6         0
                text5                              3A18     3A18        2         0
                text4                              39EA     39EA       10         0
                text3                              39FA     39FA        E         0
                text2                              2A82     2A82      10C         0
                text1                              3512     3512       60         0
                text0                              3942     3942       28         0
                cinit                              34B0     34B0       62         0
                idataBANK2                         368A     368A       5A         0
                idataBANK0                         39B6     39B6       1E         0

        CLASS   CONST          

        CLASS   SMALLCONST     
                smallconst                          800      800       26         0

        CLASS   MEDIUMCONST    

        CLASS   COMRAM         
                cstackCOMRAM                          1        1       5F         1

        CLASS   ABS1           

        CLASS   BIGRAM         

        CLASS   RAM            

        CLASS   BANK0          
                cstackBANK0                          60       60       59         1
                dataBANK0                            B9       B9       1E         1
                bssBANK0                             D7       D7       11         1

        CLASS   BANK1          
                cstackBANK1                         100      100       A0         1
                bssBANK1                            1A0      1A0       54         1

        CLASS   BANK2          
                dataBANK2                           200      200       5A         1

        CLASS   BANK3          

        CLASS   BANK4          

        CLASS   BANK5          

        CLASS   BANK6          

        CLASS   BANK7          

        CLASS   SFR            

        CLASS   BIGSFR         

        CLASS   CONFIG         
                config                           300000   300000        E         4

        CLASS   IDLOC          
                idloc                            200000   200000        8         5

        CLASS   EEDATA         

        CLASS   FARRAM         

        CLASS   HEAP           

        CLASS   STACK          



SEGMENTS        Name                           Load    Length   Top    Selector   Space  Class

                reset_vec                      000000  000004  000004         0       0  CODE    
                cstackCOMRAM                   000001  00005F  000060         1       1  COMRAM  
                cstackBANK0                    000060  000088  0000E8        60       1  BANK0   
                cstackBANK1                    000100  0000F4  0001F4       100       1  BANK1   
                dataBANK2                      000200  00005A  00025A       200       1  BANK2   
                smallconst                     000800  000026  000826       400       0  SMALLCON
                text16                         000826  0031F4  003A1A       413       0  CODE    


UNUSED ADDRESS RANGES

        Name                Unused          Largest block    Delta
        BANK0            0000E8-0000FF               18
        BANK1            0001F4-0001FF                C
        BANK2            00025A-0002FF               A6
        BANK3            000300-0003FF              100
        BANK4            000400-0004FF              100
        BANK5            000500-0005FF              100
        BANK6            000600-0006FF              100
        BANK7            000700-0007FF              100
        BIGRAM           0000E8-0000FF               18
                         0001F4-0001FF                C
                         00025A-0007FF              5A6
        BIGSFR           000F53-000FFF               AD
        CODE             000004-0007FF              7FC
                         003A1A-007FFF             45E6
        CONST            000004-0007FF              7FC
                         003A1A-007FFF             45E6
        EEDATA           F00000-F000FF              100
        MEDIUMCONST      003A1A-007FFF             45E6
        RAM              0000E8-0000FF               18
                         0001F4-0001FF                C
                         00025A-0007FF              100
        SFR              000F53-000FFF                D
        SMALLCONST       003A1A-007FFF              100

                                  Symbol Table

?_ReadADC                   cstackCOMRAM 000001
?_VOLTAJE                   cstackCOMRAM 000041
?___aldiv                   cstackCOMRAM 000001
?___awdiv                   cstackCOMRAM 000001
?___awmod                   cstackCOMRAM 000001
?___fladd                   cstackCOMRAM 000001
?___fldiv                   cstackCOMRAM 000028
?___flmul                   cstackCOMRAM 00000F
?___flneg                   cstackCOMRAM 000001
?___flsub                   cstackCOMRAM 000028
?___fltol                   cstackCOMRAM 000001
?___fpclassifyf             cstackCOMRAM 000001
?___wmul                    cstackCOMRAM 000001
?___xxtofl                  cstackCOMRAM 000001
?_abs                       cstackCOMRAM 000007
?_floorf                    cstackCOMRAM 000041
?_labs                      cstackCOMRAM 000001
?_read_prec_or_width        cstackCOMRAM 000007
?_sprintf                   cstackBANK0  0000A1
?_strlen                    cstackCOMRAM 000001
?_vfprintf                  cstackBANK0  000099
IMPRIMIR@F5133              dataBANK0    0000B9
IMPRIMIR@F5135              dataBANK2    00023C
IMPRIMIR@F5137              dataBANK2    00021E
IMPRIMIR@F5139              dataBANK2    000200
IMPRIMIR@imprimir           cstackBANK1  000196
IMPRIMIR@imprimir2          cstackBANK1  00015A
IMPRIMIR@imprimir3          cstackBANK1  000178
IMPRIMIR@imprimir4          cstackBANK1  000100
IMPRIMIR@imprimir5          cstackBANK1  00011E
IMPRIMIR@imprimir6          cstackBANK1  00013C
LCD_Text@pt                 cstackCOMRAM 000003
LCD_Text@text               cstackCOMRAM 000005
LCD_Write@mode              cstackCOMRAM 000001
LCD_Write@value             cstackCOMRAM 000002
ReadADC@channel             cstackCOMRAM 000005
UART_init_baud@baudRate     cstackCOMRAM 00000F
UART_init_baud@valor        cstackCOMRAM 000017
UART_printf@cadena          cstackCOMRAM 000002
UART_write@dato             cstackCOMRAM 000001
VOLTAJE@ADC                 cstackCOMRAM 000041
VOLTAJE@voltaje             cstackCOMRAM 000045
_ADC                        bssBANK1     0001A2
_ADCON0                     (abs)        000FC2
_ADCON1                     (abs)        000FC1
_ADCON2                     (abs)        000FC0
_ADRESH                     (abs)        000FC4
_ADRESL                     (abs)        000FC3
_GO_nDONE                   (abs)        007E11
_IMPRIMIR                   text8        0021B0
_LATAbits                   (abs)        000F89
_LCD_Busy                   text45       0035D0
_LCD_Init                   text7        00293A
_LCD_Text                   text43       003350
_LCD_Write                  text44       003244
_LCD_busy_cnt               bssBANK0     0000E6
_LCD_data                   bssBANK0     0000E7
_OSCCON                     (abs)        000FD3
_PIR1bits                   (abs)        000F9E
_PORTAbits                  (abs)        000F80
_RCREG                      (abs)        000FAE
_RCSTAbits                  (abs)        000FAB
_ReadADC                    text42       00390E
_SPBRG                      (abs)        000FAF
_Setup                      text3        0039FA
_SetupOscilador             text6        003A12
_Setupint                   text5        003A18
_Setupports                 text4        0039EA
_TRISA                      (abs)        000F92
_TRISAbits                  (abs)        000F92
_TRISB1                     (abs)        007C99
_TRISCbits                  (abs)        000F94
_TXREG                      (abs)        000FAD
_TXSTAbits                  (abs)        000FAC
_UART_init_baud             text1        003512
_UART_printf                text40       003572
_UART_write                 text41       0039D4
_VOLTAJE                    text36       0032CE
__HRAM                      (abs)        000000
__H__absolute__             __absolute__ 000000
__Habs1                     abs1         000000
__Hbank0                    bank0        000000
__Hbank1                    bank1        000000
__Hbank2                    bank2        000000
__Hbank3                    bank3        000000
__Hbank4                    bank4        000000
__Hbank5                    bank5        000000
__Hbank6                    bank6        000000
__Hbank7                    bank7        000000
__Hbigbss                   bigbss       000000
__Hbigdata                  bigdata      000000
__Hbigram                   bigram       000000
__Hbigsfr                   bigsfr       000000
__Hbss                      bss          000000
__HbssBANK0                 bssBANK0     000000
__HbssBANK1                 bssBANK1     000000
__Hcinit                    cinit        000000
__Hclrtext                  clrtext      000000
__Hcomram                   comram       000000
__Hconfig                   config       30000E
__Hconst                    const        000000
__HcstackBANK0              cstackBANK0  000000
__HcstackBANK1              cstackBANK1  000000
__HcstackCOMRAM             cstackCOMRAM 000000
__Hdata                     data         000000
__HdataBANK0                dataBANK0    000000
__HdataBANK2                dataBANK2    000000
__Heeprom_data              eeprom_data  000000
__Hfarbss                   farbss       000000
__Hfardata                  fardata      000000
__Hheap                     heap         000000
__Hibigdata                 ibigdata     000000
__Hidata                    idata        000000
__HidataBANK0               idataBANK0   000000
__HidataBANK2               idataBANK2   000000
__Hidloc                    idloc        200008
__Hifardata                 ifardata     000000
__Hinit                     init         000004
__Hintcode                  intcode      000000
__Hintcode_body             intcode_body 000000
__Hintcodelo                intcodelo    000000
__Hintentry                 intentry     000000
__Hintret                   intret       000000
__Hintsave_regs             intsave_regs 000000
__Hirdata                   irdata       000000
__Hmediumconst              mediumconst  000000
__HnvFARRAM                 nvFARRAM     000000
__Hnvbit                    nvbit        000000
__Hnvrram                   nvrram       000000
__Hparam                    rparam       000000
__Hpowerup                  powerup      000000
__Hram                      ram          000000
__Hramtop                   ramtop       000800
__Hrbit                     rbit         000000
__Hrbss                     rbss         000000
__Hrdata                    rdata        000000
__Hreset_vec                reset_vec    000000
__Hrparam                   rparam       000000
__Hsfr                      sfr          000000
__Hsmallconst               smallconst   000826
__Hspace_0                  (abs)        003A1A
__Hspace_1                  (abs)        00025A
__Hspace_2                  (abs)        000000
__Hspace_4                  (abs)        60000E
__Hstack                    stack        000000
__Hstruct                   struct       000000
__Htemp                     temp         000000
__Htext                     text         000000
__Htext0                    text0        000000
__Htext1                    text1        000000
__Htext10                   text10       000000
__Htext11                   text11       000000
__Htext12                   text12       000000
__Htext13                   text13       000000
__Htext14                   text14       000000
__Htext15                   text15       000000
__Htext16                   text16       000000
__Htext17                   text17       000000
__Htext18                   text18       000000
__Htext19                   text19       000000
__Htext2                    text2        000000
__Htext20                   text20       000000
__Htext21                   text21       000000
__Htext22                   text22       000000
__Htext23                   text23       000000
__Htext24                   text24       000000
__Htext25                   text25       000000
__Htext26                   text26       000000
__Htext27                   text27       000000
__Htext28                   text28       000000
__Htext29                   text29       000000
__Htext3                    text3        000000
__Htext30                   text30       000000
__Htext31                   text31       000000
__Htext32                   text32       000000
__Htext33                   text33       000000
__Htext34                   text34       000000
__Htext35                   text35       000000
__Htext36                   text36       000000
__Htext37                   text37       000000
__Htext38                   text38       000000
__Htext39                   text39       000000
__Htext4                    text4        000000
__Htext40                   text40       000000
__Htext41                   text41       000000
__Htext42                   text42       000000
__Htext43                   text43       000000
__Htext44                   text44       000000
__Htext45                   text45       000000
__Htext5                    text5        000000
__Htext6                    text6        000000
__Htext7                    text7        000000
__Htext8                    text8        000000
__Htext9                    text9        000000
__LRAM                      (abs)        000001
__L__absolute__             __absolute__ 000000
__Labs1                     abs1         000000
__Lbank0                    bank0        000000
__Lbank1                    bank1        000000
__Lbank2                    bank2        000000
__Lbank3                    bank3        000000
__Lbank4                    bank4        000000
__Lbank5                    bank5        000000
__Lbank6                    bank6        000000
__Lbank7                    bank7        000000
__Lbigbss                   bigbss       000000
__Lbigdata                  bigdata      000000
__Lbigram                   bigram       000000
__Lbigsfr                   bigsfr       000000
__Lbss                      bss          000000
__LbssBANK0                 bssBANK0     000000
__LbssBANK1                 bssBANK1     000000
__Lcinit                    cinit        000000
__Lclrtext                  clrtext      000000
__Lcomram                   comram       000000
__Lconfig                   config       000000
__Lconst                    const        000000
__LcstackBANK0              cstackBANK0  000000
__LcstackBANK1              cstackBANK1  000000
__LcstackCOMRAM             cstackCOMRAM 000000
__Ldata                     data         000000
__LdataBANK0                dataBANK0    000000
__LdataBANK2                dataBANK2    000000
__Leeprom_data              eeprom_data  000000
__Lfarbss                   farbss       000000
__Lfardata                  fardata      000000
__Lheap                     heap         000000
__Libigdata                 ibigdata     000000
__Lidata                    idata        000000
__LidataBANK0               idataBANK0   000000
__LidataBANK2               idataBANK2   000000
__Lidloc                    idloc        000000
__Lifardata                 ifardata     000000
__Linit                     init         000000
__Lintcode                  intcode      000000
__Lintcode_body             intcode_body 000000
__Lintcodelo                intcodelo    000000
__Lintentry                 intentry     000000
__Lintret                   intret       000000
__Lintsave_regs             intsave_regs 000000
__Lirdata                   irdata       000000
__Lmediumconst              mediumconst  000000
__LnvFARRAM                 nvFARRAM     000000
__Lnvbit                    nvbit        000000
__Lnvrram                   nvrram       000000
__Lparam                    rparam       000000
__Lpowerup                  powerup      000000
__Lram                      ram          000000
__Lramtop                   ramtop       000800
__Lrbit                     rbit         000000
__Lrbss                     rbss         000000
__Lrdata                    rdata        000000
__Lreset_vec                reset_vec    000000
__Lrparam                   rparam       000000
__Lsfr                      sfr          000000
__Lsmallconst               smallconst   000800
__Lspace_0                  (abs)        000000
__Lspace_1                  (abs)        000000
__Lspace_2                  (abs)        000000
__Lspace_4                  (abs)        000000
__Lstack                    stack        000000
__Lstruct                   struct       000000
__Ltemp                     temp         000000
__Ltext                     text         000000
__Ltext0                    text0        000000
__Ltext1                    text1        000000
__Ltext10                   text10       000000
__Ltext11                   text11       000000
__Ltext12                   text12       000000
__Ltext13                   text13       000000
__Ltext14                   text14       000000
__Ltext15                   text15       000000
__Ltext16                   text16       000000
__Ltext17                   text17       000000
__Ltext18                   text18       000000
__Ltext19                   text19       000000
__Ltext2                    text2        000000
__Ltext20                   text20       000000
__Ltext21                   text21       000000
__Ltext22                   text22       000000
__Ltext23                   text23       000000
__Ltext24                   text24       000000
__Ltext25                   text25       000000
__Ltext26                   text26       000000
__Ltext27                   text27       000000
__Ltext28                   text28       000000
__Ltext29                   text29       000000
__Ltext3                    text3        000000
__Ltext30                   text30       000000
__Ltext31                   text31       000000
__Ltext32                   text32       000000
__Ltext33                   text33       000000
__Ltext34                   text34       000000
__Ltext35                   text35       000000
__Ltext36                   text36       000000
__Ltext37                   text37       000000
__Ltext38                   text38       000000
__Ltext39                   text39       000000
__Ltext4                    text4        000000
__Ltext40                   text40       000000
__Ltext41                   text41       000000
__Ltext42                   text42       000000
__Ltext43                   text43       000000
__Ltext44                   text44       000000
__Ltext45                   text45       000000
__Ltext5                    text5        000000
__Ltext6                    text6        000000
__Ltext7                    text7        000000
__Ltext8                    text8        000000
__Ltext9                    text9        000000
__S0                        (abs)        003A1A
__S1                        (abs)        00025A
__S4                        (abs)        000000
__S5                        (abs)        000000
___aldiv                    text2        002A82
___aldiv@counter            cstackCOMRAM 000009
___aldiv@dividend           cstackCOMRAM 000001
___aldiv@divisor            cstackCOMRAM 000005
___aldiv@quotient           cstackCOMRAM 00000B
___aldiv@sign               cstackCOMRAM 00000A
___awdiv                    text35       003026
___awdiv@counter            cstackCOMRAM 000005
___awdiv@dividend           cstackCOMRAM 000001
___awdiv@divisor            cstackCOMRAM 000003
___awdiv@quotient           cstackCOMRAM 000007
___awdiv@sign               cstackCOMRAM 000006
___awmod                    text34       0030EA
___awmod@counter            cstackCOMRAM 000005
___awmod@dividend           cstackCOMRAM 000001
___awmod@divisor            cstackCOMRAM 000003
___awmod@sign               cstackCOMRAM 000006
___fladd                    text24       00121E
___fladd@a                  cstackCOMRAM 000005
___fladd@aexp               cstackCOMRAM 00000E
___fladd@b                  cstackCOMRAM 000001
___fladd@bexp               cstackCOMRAM 00000F
___fladd@grs                cstackCOMRAM 000010
___fladd@signs              cstackCOMRAM 00000D
___fldiv                    text39       001B08
___fldiv@a                  cstackCOMRAM 00002C
___fldiv@aexp               cstackCOMRAM 000040
___fldiv@b                  cstackCOMRAM 000028
___fldiv@bexp               cstackCOMRAM 00003F
___fldiv@grs                cstackCOMRAM 00003B
___fldiv@new_exp            cstackCOMRAM 000039
___fldiv@rem                cstackCOMRAM 000034
___fldiv@sign               cstackCOMRAM 000038
___fleq                     text27       00319A
___fleq@ff1                 cstackCOMRAM 000001
___fleq@ff2                 cstackCOMRAM 000005
___flge                     text26       002C94
___flge@ff1                 cstackCOMRAM 000028
___flge@ff2                 cstackCOMRAM 00002C
___flmul                    text38       0016DE
___flmul@a                  cstackCOMRAM 000013
___flmul@aexp               cstackCOMRAM 000020
___flmul@b                  cstackCOMRAM 00000F
___flmul@bexp               cstackCOMRAM 000021
___flmul@grs                cstackCOMRAM 00001C
___flmul@prod               cstackCOMRAM 000022
___flmul@sign               cstackCOMRAM 00001B
___flmul@temp               cstackCOMRAM 000026
___flneg                    text25       0038A0
___flneg@f1                 cstackCOMRAM 000001
___flsub                    text23       0037D6
___flsub@a                  cstackCOMRAM 00002C
___flsub@b                  cstackCOMRAM 000028
___fltol                    text22       002B8E
___fltol@exp1               cstackCOMRAM 00000A
___fltol@f1                 cstackCOMRAM 000001
___fltol@sign1              cstackCOMRAM 000009
___fpclassifyf              text21       002D98
___fpclassifyf@F465         bssBANK0     0000DB
___fpclassifyf@e            cstackCOMRAM 000009
___fpclassifyf@u            cstackCOMRAM 00000B
___fpclassifyf@x            cstackCOMRAM 000001
___heap_hi                  (abs)        000000
___heap_lo                  (abs)        000000
___inthi_sp                 stack        000000
___intlo_sp                 stack        000000
___param_bank               (abs)        000000
___rparam_used              (abs)        000001
___sp                       stack        000000
___wmul                     text15       003990
___wmul@multiplicand        cstackCOMRAM 000003
___wmul@multiplier          cstackCOMRAM 000001
___wmul@product             cstackCOMRAM 000005
___xxtofl                   text37       0025F0
___xxtofl@arg               cstackCOMRAM 00000B
___xxtofl@exp               cstackCOMRAM 00000A
___xxtofl@sign              cstackCOMRAM 000009
___xxtofl@val               cstackCOMRAM 000001
__accesstop                 (abs)        000060
__activetblptr              (abs)        000002
__displaycontrol            bssBANK0     0000E5
__displaymode               bssBANK0     0000E4
__end_of_IMPRIMIR           text8        0023DE
__end_of_LCD_Busy           text45       00362E
__end_of_LCD_Init           text7        002A82
__end_of_LCD_Text           text43       0033D0
__end_of_LCD_Write          text44       0032CE
__end_of_ReadADC            text42       003942
__end_of_Setup              text3        003A08
__end_of_SetupOscilador     text6        003A18
__end_of_Setupint           text5        003A1A
__end_of_Setupports         text4        0039FA
__end_of_UART_init_baud     text1        003572
__end_of_UART_printf        text40       0035D0
__end_of_UART_write         text41       0039EA
__end_of_VOLTAJE            text36       003350
__end_of___aldiv            text2        002B8E
__end_of___awdiv            text35       0030EA
__end_of___awmod            text34       00319A
__end_of___fladd            text24       0016DE
__end_of___fldiv            text39       001EA2
__end_of___fleq             text27       003244
__end_of___flge             text26       002D98
__end_of___flmul            text38       001B08
__end_of___flneg            text25       0038D8
__end_of___flsub            text23       00381C
__end_of___fltol            text22       002C94
__end_of___fpclassifyf      text21       002E96
__end_of___wmul             text15       0039B6
__end_of___xxtofl           text37       0027A4
__end_of__initialization    cinit        003508
__end_of_abs                text33       0038A0
__end_of_dtoa               text28       00293A
__end_of_efgtoa             text16       00121E
__end_of_floorf             text20       0025F0
__end_of_fputc              text31       002F60
__end_of_fputs              text30       003860
__end_of_labs               text19       0034B0
__end_of_main               text0        00396A
__end_of_memcpy             text18       0037D6
__end_of_pad                text29       00344A
__end_of_putch              text32       003A12
__end_of_read_prec_or_width text14       003026
__end_of_sprintf            text11       003786
__end_of_strcat             text9        003990
__end_of_strcpy             text17       00368A
__end_of_strlen             text10       00390E
__end_of_vfpfcnvrt          text13       0021B0
__end_of_vfprintf           text12       003736
__initialization            cinit        0034B0
__mediumconst               mediumconst  000000
__pbssBANK0                 bssBANK0     0000D7
__pbssBANK1                 bssBANK1     0001A0
__pcinit                    cinit        0034B0
__pcstackBANK0              cstackBANK0  000060
__pcstackBANK1              cstackBANK1  000100
__pcstackCOMRAM             cstackCOMRAM 000001
__pdataBANK0                dataBANK0    0000B9
__pdataBANK2                dataBANK2    000200
__pidataBANK0               idataBANK0   0039B6
__pidataBANK2               idataBANK2   00368A
__psmallconst               smallconst   000800
__ptext0                    text0        003942
__ptext1                    text1        003512
__ptext10                   text10       0038D8
__ptext11                   text11       003736
__ptext12                   text12       0036E4
__ptext13                   text13       001EA2
__ptext14                   text14       002F60
__ptext15                   text15       003990
__ptext16                   text16       000826
__ptext17                   text17       00362E
__ptext18                   text18       003786
__ptext19                   text19       00344A
__ptext2                    text2        002A82
__ptext20                   text20       0023DE
__ptext21                   text21       002D98
__ptext22                   text22       002B8E
__ptext23                   text23       0037D6
__ptext24                   text24       00121E
__ptext25                   text25       0038A0
__ptext26                   text26       002C94
__ptext27                   text27       00319A
__ptext28                   text28       0027A4
__ptext29                   text29       0033D0
__ptext3                    text3        0039FA
__ptext30                   text30       00381C
__ptext31                   text31       002E96
__ptext32                   text32       003A08
__ptext33                   text33       003860
__ptext34                   text34       0030EA
__ptext35                   text35       003026
__ptext36                   text36       0032CE
__ptext37                   text37       0025F0
__ptext38                   text38       0016DE
__ptext39                   text39       001B08
__ptext4                    text4        0039EA
__ptext40                   text40       003572
__ptext41                   text41       0039D4
__ptext42                   text42       00390E
__ptext43                   text43       003350
__ptext44                   text44       003244
__ptext45                   text45       0035D0
__ptext5                    text5        003A18
__ptext6                    text6        003A12
__ptext7                    text7        00293A
__ptext8                    text8        0021B0
__ptext9                    text9        00396A
__ramtop                    ramtop       000800
__smallconst                smallconst   000800
_abs                        text33       003860
_aux                        bssBANK1     0001A0
_dbuf                       bssBANK1     0001A4
_dtoa                       text28       0027A4
_dtoa$1144                  cstackCOMRAM 000022
_efgtoa                     text16       000826
_efgtoa$1175                cstackBANK0  000066
_flags                      bssBANK0     0000E3
_floorf                     text20       0023DE
_fputc                      text31       002E96
_fputs                      text30       00381C
_labs                       text19       00344A
_main                       text0        003942
_memcpy                     text18       003786
_pad                        text29       0033D0
_prec                       bssBANK0     0000E1
_putch                      text32       003A08
_read_prec_or_width         text14       002F60
_sprintf                    text11       003736
_strcat                     text9        00396A
_strcpy                     text17       00362E
_strlen                     text10       0038D8
_vfpfcnvrt                  text13       001EA2
_vfprintf                   text12       0036E4
_width                      bssBANK0     0000DF
abs@a                       cstackCOMRAM 000007
dtoa@d                      cstackCOMRAM 000020
dtoa@fp                     cstackCOMRAM 00001E
dtoa@i                      cstackCOMRAM 000028
dtoa@p                      cstackCOMRAM 000024
dtoa@s                      cstackCOMRAM 00002A
dtoa@w                      cstackCOMRAM 000026
efgtoa@c                    cstackCOMRAM 00005B
efgtoa@d                    cstackBANK0  00006B
efgtoa@e                    cstackBANK0  00006F
efgtoa@f                    cstackCOMRAM 000057
efgtoa@fp                   cstackCOMRAM 000055
efgtoa@g                    cstackBANK0  000084
efgtoa@h                    cstackBANK0  000079
efgtoa@i                    cstackBANK0  000077
efgtoa@l                    cstackBANK0  00007D
efgtoa@m                    cstackBANK0  00006D
efgtoa@mode                 cstackBANK0  000069
efgtoa@n                    cstackBANK0  000082
efgtoa@ne                   cstackBANK0  000060
efgtoa@nmode                cstackBANK0  00006A
efgtoa@ou                   cstackBANK0  000073
efgtoa@p                    cstackBANK0  000062
efgtoa@pp                   cstackBANK0  000068
efgtoa@sign                 cstackBANK0  000081
efgtoa@t                    cstackBANK0  000064
efgtoa@u                    cstackBANK0  000088
efgtoa@w                    cstackBANK0  000071
end_of_initialization       cinit        003508
floorf@F526                 bssBANK0     0000D7
floorf@e                    cstackCOMRAM 00004F
floorf@m                    cstackCOMRAM 00004B
floorf@u                    cstackCOMRAM 000051
floorf@x                    cstackCOMRAM 000041
fputc@c                     cstackCOMRAM 000003
fputc@fp                    cstackCOMRAM 000005
fputs@c                     cstackCOMRAM 000010
fputs@fp                    cstackCOMRAM 00000E
fputs@i                     cstackCOMRAM 000011
fputs@s                     cstackCOMRAM 00000C
intlevel0                   text         000000
intlevel1                   text         000000
intlevel2                   text         000000
intlevel3                   text         000000
isa$std                     (abs)        000001
isa$xinst                   (abs)        000000
labs@a                      cstackCOMRAM 000001
memcpy@d                    cstackCOMRAM 000007
memcpy@d1                   cstackCOMRAM 000001
memcpy@n                    cstackCOMRAM 000005
memcpy@s                    cstackCOMRAM 000009
memcpy@s1                   cstackCOMRAM 000003
memcpy@tmp                  cstackCOMRAM 00000B
pad@buf                     cstackCOMRAM 000015
pad@fp                      cstackCOMRAM 000013
pad@i                       cstackCOMRAM 00001A
pad@p                       cstackCOMRAM 000017
pad@w                       cstackCOMRAM 00001C
putch@dato                  cstackCOMRAM 000002
read_prec_or_width@ap       cstackCOMRAM 000009
read_prec_or_width@c        cstackCOMRAM 00000D
read_prec_or_width@fmt      cstackCOMRAM 000007
read_prec_or_width@n        cstackCOMRAM 00000E
sprintf@ap                  cstackBANK0  0000A9
sprintf@f                   cstackBANK0  0000AB
sprintf@fmt                 cstackBANK0  0000A3
sprintf@s                   cstackBANK0  0000A1
stackhi                     (abs)        000000
stacklo                     (abs)        000000
start                       init         000000
start_initialization        cinit        0034B0
strcat@dest                 cstackCOMRAM 00000F
strcat@src                  cstackCOMRAM 000011
strcpy@d                    cstackCOMRAM 00000D
strcpy@dest                 cstackCOMRAM 000005
strcpy@s                    cstackCOMRAM 00000B
strcpy@src                  cstackCOMRAM 000007
strlen@a                    cstackCOMRAM 000003
strlen@s                    cstackCOMRAM 000001
vfpfcnvrt@ap                cstackBANK0  000090
vfpfcnvrt@c                 cstackBANK0  000096
vfpfcnvrt@convarg           cstackBANK0  000092
vfpfcnvrt@cp                cstackBANK0  000097
vfpfcnvrt@fmt               cstackBANK0  00008E
vfpfcnvrt@fp                cstackBANK0  00008C
vfprintf@ap                 cstackBANK0  00009D
vfprintf@cfmt               cstackBANK0  00009F
vfprintf@fmt                cstackBANK0  00009B
vfprintf@fp                 cstackBANK0  000099


MODULE INFORMATION

Module		Function		Class		Link	Load	Size
C:\Program Files\Microchip\xc8\v2.41\pic\sources\c99\common\__fpclassifyf.c
		___fpclassifyf 		CODE           	2D98	0000	254

C:\Program Files\Microchip\xc8\v2.41\pic\sources\c99\common\__fpclassifyf.c estimated size: 254

C:\Program Files\Microchip\xc8\v2.41\pic\sources\c99\common\awmod.c
		___awmod       		CODE           	30EA	0000	176

C:\Program Files\Microchip\xc8\v2.41\pic\sources\c99\common\awmod.c estimated size: 176

C:\Program Files\Microchip\xc8\v2.41\pic\sources\c99\common\floorf.c
		_floorf        		CODE           	23DE	0000	530

C:\Program Files\Microchip\xc8\v2.41\pic\sources\c99\common\floorf.c estimated size: 530

C:\Program Files\Microchip\xc8\v2.41\pic\sources\c99\common\flge.c
		___flge        		CODE           	2C94	0000	260

C:\Program Files\Microchip\xc8\v2.41\pic\sources\c99\common\flge.c estimated size: 260

./LCD_16x2.h
		_LCD_Init      		CODE           	293A	0000	328
		_LCD_Busy      		CODE           	35D0	0000	94
		_LCD_Text      		CODE           	3350	0000	128
		_LCD_Write     		CODE           	3244	0000	138

./LCD_16x2.h estimated size: 688

C:\Program Files\Microchip\xc8\v2.41\pic\sources\c99\common\strcat.c
		_strcat        		CODE           	396A	0000	38

C:\Program Files\Microchip\xc8\v2.41\pic\sources\c99\common\strcat.c estimated size: 38

C:\Program Files\Microchip\xc8\v2.41\pic\sources\c99\common\fltol.c
		___fltol       		CODE           	2B8E	0000	262

C:\Program Files\Microchip\xc8\v2.41\pic\sources\c99\common\fltol.c estimated size: 262

C:\Program Files\Microchip\xc8\v2.41\pic\sources\c99\common\xxtofl.c
		___xxtofl      		CODE           	25F0	0000	436

C:\Program Files\Microchip\xc8\v2.41\pic\sources\c99\common\xxtofl.c estimated size: 436

C:\Program Files\Microchip\xc8\v2.41\pic\sources\c99\common\strlen.c
		_strlen        		CODE           	38D8	0000	54

C:\Program Files\Microchip\xc8\v2.41\pic\sources\c99\common\strlen.c estimated size: 54

C:\Program Files\Microchip\xc8\v2.41\pic\sources\c99\common\nf_fputc.c
		_fputc         		CODE           	2E96	0000	202

C:\Program Files\Microchip\xc8\v2.41\pic\sources\c99\common\nf_fputc.c estimated size: 202

C:\Program Files\Microchip\xc8\v2.41\pic\sources\c99\common\strcpy.c
		_strcpy        		CODE           	362E	0000	92

C:\Program Files\Microchip\xc8\v2.41\pic\sources\c99\common\strcpy.c estimated size: 92

C:\Program Files\Microchip\xc8\v2.41\pic\sources\c99\common\nf_sprintf.c
		_sprintf       		CODE           	3736	0000	80

C:\Program Files\Microchip\xc8\v2.41\pic\sources\c99\common\nf_sprintf.c estimated size: 80

C:\Program Files\Microchip\xc8\v2.41\pic\sources\c99\common\sprcadd.c
		___flsub       		CODE           	37D6	0000	70
		___fladd       		CODE           	121E	0000	1216

C:\Program Files\Microchip\xc8\v2.41\pic\sources\c99\common\sprcadd.c estimated size: 1286

./UART.h
		_putch         		CODE           	3A08	0000	10
		_UART_printf   		CODE           	3572	0000	94
		_UART_init_baud		CODE           	3512	0000	96
		_UART_write    		CODE           	39D4	0000	22

./UART.h estimated size: 222

C:\Program Files\Microchip\xc8\v2.41\pic\sources\c99\common\awdiv.c
		___awdiv       		CODE           	3026	0000	196

C:\Program Files\Microchip\xc8\v2.41\pic\sources\c99\common\awdiv.c estimated size: 196

C:\Program Files\Microchip\xc8\v2.41\pic\sources\c99\common\aldiv.c
		___aldiv       		CODE           	2A82	0000	268

C:\Program Files\Microchip\xc8\v2.41\pic\sources\c99\common\aldiv.c estimated size: 268

C:\Program Files\Microchip\xc8\v2.41\pic\sources\c99\common\abs.c
		_abs           		CODE           	3860	0000	64

C:\Program Files\Microchip\xc8\v2.41\pic\sources\c99\common\abs.c estimated size: 64

C:\Program Files\Microchip\xc8\v2.41\pic\sources\c99\common\doprnt.c
		_read_prec_or_width		CODE           	2F60	0000	198
		_vfpfcnvrt     		CODE           	1EA2	0000	782
		_efgtoa        		CODE           	0826	0000	2552
		_pad           		CODE           	33D0	0000	122
		_dtoa          		CODE           	27A4	0000	406
		_vfprintf      		CODE           	36E4	0000	82

C:\Program Files\Microchip\xc8\v2.41\pic\sources\c99\common\doprnt.c estimated size: 4142

C:\Program Files\Microchip\xc8\v2.41\pic\sources\c99\common\flneg.c
		___flneg       		CODE           	38A0	0000	56

C:\Program Files\Microchip\xc8\v2.41\pic\sources\c99\common\flneg.c estimated size: 56

C:\Program Files\Microchip\xc8\v2.41\pic\sources\c99\common\fleq.c
		___fleq        		CODE           	319A	0000	170

C:\Program Files\Microchip\xc8\v2.41\pic\sources\c99\common\fleq.c estimated size: 170

shared
		__initialization		CODE           	34B0	0000	88

shared estimated size: 88

C:\Program Files\Microchip\xc8\v2.41\pic\sources\c99\common\memcpy.c
		_memcpy        		CODE           	3786	0000	80

C:\Program Files\Microchip\xc8\v2.41\pic\sources\c99\common\memcpy.c estimated size: 80

Setup.c
		_SetupOscilador		CODE           	3A12	0000	6
		_Setupint      		CODE           	3A18	0000	2
		_Setupports    		CODE           	39EA	0000	16
		_Setup         		CODE           	39FA	0000	14

Setup.c estimated size: 38

C:\Program Files\Microchip\xc8\v2.41\pic\sources\c99\common\Umul16.c
		___wmul        		CODE           	3990	0000	38

C:\Program Files\Microchip\xc8\v2.41\pic\sources\c99\common\Umul16.c estimated size: 38

C:\Program Files\Microchip\xc8\v2.41\pic\sources\c99\common\nf_fputs.c
		_fputs         		CODE           	381C	0000	68

C:\Program Files\Microchip\xc8\v2.41\pic\sources\c99\common\nf_fputs.c estimated size: 68

C:\Program Files\Microchip\xc8\v2.41\pic\sources\c99\common\labs.c
		_labs          		CODE           	344A	0000	102

C:\Program Files\Microchip\xc8\v2.41\pic\sources\c99\common\labs.c estimated size: 102

PARTE3_PARCIAL2.c
		_IMPRIMIR      		CODE           	21B0	0000	558
		_VOLTAJE       		CODE           	32CE	0000	130
		_main          		CODE           	3942	0000	40
		_ReadADC       		CODE           	390E	0000	52

PARTE3_PARCIAL2.c estimated size: 780

C:\Program Files\Microchip\xc8\v2.41\pic\sources\c99\common\sprcmul.c
		___flmul       		CODE           	16DE	0000	1066

C:\Program Files\Microchip\xc8\v2.41\pic\sources\c99\common\sprcmul.c estimated size: 1066

C:\Program Files\Microchip\xc8\v2.41\pic\sources\c99\common\sprcdiv.c
		___fldiv       		CODE           	1B08	0000	922

C:\Program Files\Microchip\xc8\v2.41\pic\sources\c99\common\sprcdiv.c estimated size: 922

